// Jest Snapshot v1, https://goo.gl/fbAQLP

exports[`snapshot 1`] = `
<div
  className="MuiBox-root css-70qvj9"
>
  <svg
    aria-hidden={true}
    className="MuiSvgIcon-root MuiSvgIcon-fontSizeMedium css-1fevu13-MuiSvgIcon-root"
    data-testid="SquareIcon"
    focusable="false"
    viewBox="0 0 24 24"
  >
    <path
      d="M3 3h18v18H3z"
    />
  </svg>
  <p
    className="MuiTypography-root MuiTypography-body1 box1 css-14nmori-MuiTypography-root"
  >
    test
  </p>
</div>
`;
